   Compiling syn v2.0.117
   Compiling getrandom v0.3.4
    Checking tracing v0.1.44
   Compiling zerocopy v0.8.48
    Checking futures-util v0.3.32
   Compiling serde v1.0.228
   Compiling num-traits v0.2.19
   Compiling jni-sys v0.3.1
    Checking either v1.16.0
    Checking java-locator v0.1.9
    Checking combine v4.6.7
    Checking libloading v0.7.4
    Checking cesu8 v1.1.0
   Compiling tempfile v3.27.0
    Checking axum-core v0.5.6
    Checking rayon v1.12.0
    Checking ordered-float v3.9.2
   Compiling synstructure v0.13.2
   Compiling prettyplease v0.2.37
   Compiling pest_generator v2.8.6
    Checking ppv-lite86 v0.2.21
   Compiling zerofrom-derive v0.1.7
   Compiling yoke-derive v0.8.2
   Compiling zerovec-derive v0.11.3
   Compiling displaydoc v0.2.6
   Compiling tokio-macros v2.7.0
   Compiling prost-derive v0.14.3
   Compiling serde_derive v1.0.228
   Compiling jni-sys-macros v0.4.1
   Compiling thiserror-impl v1.0.69
   Compiling enum_dispatch v0.3.13
   Compiling clap_derive v4.6.1
    Checking rand_chacha v0.3.1
   Compiling tonic-build v0.14.6
   Compiling pest_derive v2.8.6
    Checking jni-sys v0.4.1
    Checking rand v0.8.6
    Checking tokio v1.52.3
    Checking lsm-tree v3.1.6
    Checking zerofrom v0.1.8
    Checking yoke v0.8.3
    Checking thiserror v1.0.69
    Checking jni v0.21.1
    Checking zerovec v0.11.6
    Checking zerotrie v0.2.4
    Checking instant-distance v0.6.1
   Compiling prost v0.14.3
    Checking clap v4.6.1
    Checking tinystr v0.8.3
    Checking potential_utf v0.1.5
   Compiling prost-types v0.14.3
    Checking icu_collections v2.2.0
    Checking icu_locale_core v2.2.0
    Checking icu_provider v2.2.0
    Checking fjall v3.1.6
   Compiling prost-build v0.14.3
    Checking icu_normalizer v2.2.0
    Checking icu_properties v2.2.0
    Checking serde_urlencoded v0.7.1
   Compiling tonic-prost-build v0.14.6
   Compiling edisondb v0.6.0-p3m9 (/tmp/tmp.YKOu8EXwaF/baseline)
    Checking idna_adapter v1.2.2
    Checking idna v1.1.0
    Checking url v2.5.8
    Checking tokio-util v0.7.18
    Checking tower v0.5.3
    Checking tokio-rustls v0.26.4
    Checking tower-http v0.6.11
    Checking h2 v0.4.14
    Checking hyper v1.10.1
    Checking hyper-util v0.1.20
    Checking hyper-rustls v0.27.9
    Checking axum v0.8.9
    Checking reqwest v0.13.4
    Finished `dev` profile [unoptimized + debuginfo] target(s) in 16.18s
