warning[E0133]: call to unsafe function `std::ffi::CStr::from_ptr` is unsafe and requires unsafe block
  --> src/mobile/ffi.rs:28:26
   |
28 |     let path_str = match CStr::from_ptr(path).to_str() {
   |                          ^^^^^^^^^^^^^^^^^^^^ call to unsafe function
   |
   = note: consult the function's documentation for information on how to avoid undefined behavior
note: an unsafe function restricts its caller, but its body is safe by default
  --> src/mobile/ffi.rs:24:1
   |
24 | pub unsafe extern "C" fn edisondb_open(path: *const c_char) -> *mut DbHandle {
   | ^^^^^^^^^^^^^^^^^^^^^^^^^^^^^^^^^^^^^^^^^^^^^^^^^^^^^^^^^^^^^^^^^^^^^^^^^^^^
   = note: for more information, see <https://doc.rust-lang.org/edition-guide/rust-2024/unsafe-op-in-unsafe-fn.html>
   = note: `#[warn(unsafe_op_in_unsafe_fn)]` (part of `#[warn(rust_2024_compatibility)]`) on by default

warning[E0133]: call to unsafe function `std::ffi::CStr::from_ptr` is unsafe and requires unsafe block
  --> src/mobile/ffi.rs:53:25
   |
53 |     let key_str = match CStr::from_ptr(key).to_str() {
   |                         ^^^^^^^^^^^^^^^^^^^ call to unsafe function
   |
   = note: consult the function's documentation for information on how to avoid undefined behavior
note: an unsafe function restricts its caller, but its body is safe by default
  --> src/mobile/ffi.rs:44:1
   |
44 | / pub unsafe extern "C" fn edisondb_insert(
45 | |     db: *mut DbHandle,
46 | |     key: *const c_char,
47 | |     value: *const c_char,
48 | |     arpi_header: *const u8,
49 | | ) -> i32 {
   | |________^
   = note: for more information, see <https://doc.rust-lang.org/edition-guide/rust-2024/unsafe-op-in-unsafe-fn.html>

warning[E0133]: call to unsafe function `std::ffi::CStr::from_ptr` is unsafe and requires unsafe block
  --> src/mobile/ffi.rs:57:27
   |
57 |     let value_str = match CStr::from_ptr(value).to_str() {
   |                           ^^^^^^^^^^^^^^^^^^^^^ call to unsafe function
   |
   = note: consult the function's documentation for information on how to avoid undefined behavior
   = note: for more information, see <https://doc.rust-lang.org/edition-guide/rust-2024/unsafe-op-in-unsafe-fn.html>

warning[E0133]: call to unsafe function `std::slice::from_raw_parts` is unsafe and requires unsafe block
  --> src/mobile/ffi.rs:62:24
   |
62 |     let header_bytes = std::slice::from_raw_parts(arpi_header, 78);
   |                        ^^^^^^^^^^^^^^^^^^^^^^^^^^^^^^^^^^^^^^^^^^^ call to unsafe function
   |
   = note: consult the function's documentation for information on how to avoid undefined behavior
   = note: for more information, see <https://doc.rust-lang.org/edition-guide/rust-2024/unsafe-op-in-unsafe-fn.html>

warning[E0133]: dereference of raw pointer is unsafe and requires unsafe block
  --> src/mobile/ffi.rs:63:19
   |
63 |     let handle = &*db;
   |                   ^^^ dereference of raw pointer
   |
   = note: raw pointers may be null, dangling or unaligned; they can violate aliasing rules and cause data races: all of these are undefined behavior
   = note: for more information, see <https://doc.rust-lang.org/edition-guide/rust-2024/unsafe-op-in-unsafe-fn.html>

warning[E0133]: call to unsafe function `std::ffi::CStr::from_ptr` is unsafe and requires unsafe block
  --> src/mobile/ffi.rs:85:25
   |
85 |     let key_str = match CStr::from_ptr(key).to_str() {
   |                         ^^^^^^^^^^^^^^^^^^^ call to unsafe function
   |
   = note: consult the function's documentation for information on how to avoid undefined behavior
note: an unsafe function restricts its caller, but its body is safe by default
  --> src/mobile/ffi.rs:78:1
   |
78 | / pub unsafe extern "C" fn edisondb_query(
79 | |     db: *mut DbHandle,
80 | |     key: *const c_char,
81 | | ) -> *mut c_char {
   | |________________^
   = note: for more information, see <https://doc.rust-lang.org/edition-guide/rust-2024/unsafe-op-in-unsafe-fn.html>

warning[E0133]: dereference of raw pointer is unsafe and requires unsafe block
  --> src/mobile/ffi.rs:89:19
   |
89 |     let handle = &*db;
   |                   ^^^ dereference of raw pointer
   |
   = note: raw pointers may be null, dangling or unaligned; they can violate aliasing rules and cause data races: all of these are undefined behavior
   = note: for more information, see <https://doc.rust-lang.org/edition-guide/rust-2024/unsafe-op-in-unsafe-fn.html>

warning[E0133]: call to unsafe function `std::ffi::CStr::from_ptr` is unsafe and requires unsafe block
   --> src/mobile/ffi.rs:112:25
    |
112 |     let key_str = match CStr::from_ptr(key).to_str() {
    |                         ^^^^^^^^^^^^^^^^^^^ call to unsafe function
    |
    = note: consult the function's documentation for information on how to avoid undefined behavior
note: an unsafe function restricts its caller, but its body is safe by default
   --> src/mobile/ffi.rs:105:1
    |
105 | / pub unsafe extern "C" fn edisondb_delete(
106 | |     db: *mut DbHandle,
107 | |     key: *const c_char,
108 | | ) -> i32 {
    | |________^
    = note: for more information, see <https://doc.rust-lang.org/edition-guide/rust-2024/unsafe-op-in-unsafe-fn.html>

warning[E0133]: dereference of raw pointer is unsafe and requires unsafe block
   --> src/mobile/ffi.rs:116:19
    |
116 |     let handle = &*db;
    |                   ^^^ dereference of raw pointer
    |
    = note: raw pointers may be null, dangling or unaligned; they can violate aliasing rules and cause data races: all of these are undefined behavior
    = note: for more information, see <https://doc.rust-lang.org/edition-guide/rust-2024/unsafe-op-in-unsafe-fn.html>

warning[E0133]: call to unsafe function `std::boxed::Box::<T>::from_raw` is unsafe and requires unsafe block
   --> src/mobile/ffi.rs:132:14
    |
132 |         drop(Box::from_raw(db));
    |              ^^^^^^^^^^^^^^^^^ call to unsafe function
    |
    = note: consult the function's documentation for information on how to avoid undefined behavior
note: an unsafe function restricts its caller, but its body is safe by default
   --> src/mobile/ffi.rs:130:1
    |
130 | pub unsafe extern "C" fn edisondb_close(db: *mut DbHandle) {
    | ^^^^^^^^^^^^^^^^^^^^^^^^^^^^^^^^^^^^^^^^^^^^^^^^^^^^^^^^^^
    = note: for more information, see <https://doc.rust-lang.org/edition-guide/rust-2024/unsafe-op-in-unsafe-fn.html>

warning[E0133]: call to unsafe function `std::ffi::CString::from_raw` is unsafe and requires unsafe block
   --> src/mobile/ffi.rs:140:14
    |
140 |         drop(CString::from_raw(s));
    |              ^^^^^^^^^^^^^^^^^^^^ call to unsafe function
    |
    = note: consult the function's documentation for information on how to avoid undefined behavior
note: an unsafe function restricts its caller, but its body is safe by default
   --> src/mobile/ffi.rs:138:1
    |
138 | pub unsafe extern "C" fn edisondb_free_string(s: *mut c_char) {
    | ^^^^^^^^^^^^^^^^^^^^^^^^^^^^^^^^^^^^^^^^^^^^^^^^^^^^^^^^^^^^^
    = note: for more information, see <https://doc.rust-lang.org/edition-guide/rust-2024/unsafe-op-in-unsafe-fn.html>

warning[E0133]: call to unsafe function `mobile::ffi::edisondb_open` is unsafe and requires unsafe block
  --> src/mobile/jni_bridge.rs:38:5
   |
38 |     edisondb_open(c_path.as_ptr()) as jlong
   |     ^^^^^^^^^^^^^^^^^^^^^^^^^^^^^^ call to unsafe function
   |
   = note: consult the function's documentation for information on how to avoid undefined behavior
note: an unsafe function restricts its caller, but its body is safe by default
  --> src/mobile/jni_bridge.rs:25:1
   |
25 | / pub unsafe extern "system" fn Java_com_aieonyx_edisondb_EdisonDbAndroid_nativeOpen(
26 | |     mut env: JNIEnv,
27 | |     _class: JClass,
28 | |     path: JString,
29 | | ) -> jlong {
   | |__________^
   = note: for more information, see <https://doc.rust-lang.org/edition-guide/rust-2024/unsafe-op-in-unsafe-fn.html>

warning[E0133]: call to unsafe function `mobile::ffi::edisondb_close` is unsafe and requires unsafe block
  --> src/mobile/jni_bridge.rs:48:5
   |
48 |     edisondb_close(handle as *mut super::ffi::DbHandle);
   |     ^^^^^^^^^^^^^^^^^^^^^^^^^^^^^^^^^^^^^^^^^^^^^^^^^^^ call to unsafe function
   |
   = note: consult the function's documentation for information on how to avoid undefined behavior
note: an unsafe function restricts its caller, but its body is safe by default
  --> src/mobile/jni_bridge.rs:43:1
   |
43 | / pub unsafe extern "system" fn Java_com_aieonyx_edisondb_EdisonDbAndroid_nativeClose(
44 | |     _env: JNIEnv,
45 | |     _class: JClass,
46 | |     handle: jlong,
47 | | ) {
   | |_^
   = note: for more information, see <https://doc.rust-lang.org/edition-guide/rust-2024/unsafe-op-in-unsafe-fn.html>

warning[E0133]: call to unsafe function `mobile::ffi::edisondb_insert` is unsafe and requires unsafe block
   --> src/mobile/jni_bridge.rs:112:5
    |
112 |     edisondb_insert(db, c_key.as_ptr(), c_val.as_ptr(), arpi_u8.as_ptr())
    |     ^^^^^^^^^^^^^^^^^^^^^^^^^^^^^^^^^^^^^^^^^^^^^^^^^^^^^^^^^^^^^^^^^^^^^ call to unsafe function
    |
    = note: consult the function's documentation for information on how to avoid undefined behavior
note: an unsafe function restricts its caller, but its body is safe by default
   --> src/mobile/jni_bridge.rs:73:1
    |
 73 | / pub unsafe extern "system" fn Java_com_aieonyx_edisondb_EdisonDbAndroid_nativeInsert(
 74 | |     mut env: JNIEnv,
 75 | |     _class: JClass,
 76 | |     handle: jlong,
...   |
 79 | |     arpi: JByteArray,
 80 | | ) -> jint {
    | |_________^
    = note: for more information, see <https://doc.rust-lang.org/edition-guide/rust-2024/unsafe-op-in-unsafe-fn.html>

warning[E0133]: call to unsafe function `mobile::ffi::edisondb_query` is unsafe and requires unsafe block
   --> src/mobile/jni_bridge.rs:132:15
    |
132 |     let raw = edisondb_query(db, c_key.as_ptr());
    |               ^^^^^^^^^^^^^^^^^^^^^^^^^^^^^^^^^^ call to unsafe function
    |
    = note: consult the function's documentation for information on how to avoid undefined behavior
note: an unsafe function restricts its caller, but its body is safe by default
   --> src/mobile/jni_bridge.rs:117:1
    |
117 | / pub unsafe extern "system" fn Java_com_aieonyx_edisondb_EdisonDbAndroid_nativeQuery(
118 | |     mut env: JNIEnv,
119 | |     _class: JClass,
120 | |     handle: jlong,
121 | |     key: JString,
122 | | ) -> jstring {
    | |____________^
    = note: for more information, see <https://doc.rust-lang.org/edition-guide/rust-2024/unsafe-op-in-unsafe-fn.html>

warning[E0133]: call to unsafe function `std::ffi::CStr::from_ptr` is unsafe and requires unsafe block
   --> src/mobile/jni_bridge.rs:136:22
    |
136 |     let result_str = std::ffi::CStr::from_ptr(raw)
    |                      ^^^^^^^^^^^^^^^^^^^^^^^^^^^^^ call to unsafe function
    |
    = note: consult the function's documentation for information on how to avoid undefined behavior
    = note: for more information, see <https://doc.rust-lang.org/edition-guide/rust-2024/unsafe-op-in-unsafe-fn.html>

warning[E0133]: call to unsafe function `mobile::ffi::edisondb_free_string` is unsafe and requires unsafe block
   --> src/mobile/jni_bridge.rs:142:5
    |
142 |     edisondb_free_string(raw);
    |     ^^^^^^^^^^^^^^^^^^^^^^^^^ call to unsafe function
    |
    = note: consult the function's documentation for information on how to avoid undefined behavior
    = note: for more information, see <https://doc.rust-lang.org/edition-guide/rust-2024/unsafe-op-in-unsafe-fn.html>

warning[E0133]: call to unsafe function `mobile::ffi::edisondb_delete` is unsafe and requires unsafe block
   --> src/mobile/jni_bridge.rs:163:5
    |
163 |     edisondb_delete(db, c_key.as_ptr())
    |     ^^^^^^^^^^^^^^^^^^^^^^^^^^^^^^^^^^^ call to unsafe function
    |
    = note: consult the function's documentation for information on how to avoid undefined behavior
note: an unsafe function restricts its caller, but its body is safe by default
   --> src/mobile/jni_bridge.rs:148:1
    |
148 | / pub unsafe extern "system" fn Java_com_aieonyx_edisondb_EdisonDbAndroid_nativeDelete(
149 | |     mut env: JNIEnv,
150 | |     _class: JClass,
151 | |     handle: jlong,
152 | |     key: JString,
153 | | ) -> jint {
    | |_________^
    = note: for more information, see <https://doc.rust-lang.org/edition-guide/rust-2024/unsafe-op-in-unsafe-fn.html>

warning: writing `&mut Vec` instead of `&mut [_]` involves a new object where a slice will do
   --> src/migration.rs:221:27
    |
221 | pub fn transform(records: &mut Vec<EdmRecord>, opts: &TransformOptions) {
    |                           ^^^^^^^^^^^^^^^^^^^
    |
    = help: for further information visit https://rust-lang.github.io/rust-clippy/rust-1.97.0/index.html#ptr_arg
    = note: `#[warn(clippy::ptr_arg)]` on by default
help: change this to
    |
221 - pub fn transform(records: &mut Vec<EdmRecord>, opts: &TransformOptions) {
221 + pub fn transform(records: &mut [EdmRecord], opts: &TransformOptions) {
    |

warning: this `if` statement can be collapsed
   --> src/migration.rs:232:9
    |
232 | /         if let Some(strip) = &opts.strip_id_prefix {
233 | |             if r.id.starts_with(strip.as_str()) {
234 | |                 r.id = r.id[strip.len()..].to_string();
235 | |             }
236 | |         }
    | |_________^
    |
    = help: for further information visit https://rust-lang.github.io/rust-clippy/rust-1.97.0/index.html#collapsible_if
    = note: `#[warn(clippy::collapsible_if)]` on by default
help: collapse nested if block
    |
232 ~         if let Some(strip) = &opts.strip_id_prefix
233 ~             && r.id.starts_with(strip.as_str()) {
234 |                 r.id = r.id[strip.len()..].to_string();
235 ~             }
    |

warning: manual implementation of `.is_multiple_of()`
   --> src/migration.rs:323:8
    |
323 |     if s.len() % 2 != 0 { return None; }
    |        ^^^^^^^^^^^^^^^^ help: replace with: `!s.len().is_multiple_of(2)`
    |
    = help: for further information visit https://rust-lang.github.io/rust-clippy/rust-1.97.0/index.html#manual_is_multiple_of
    = note: `#[warn(clippy::manual_is_multiple_of)]` on by default

warning: method `from_str` can be confused for the standard trait method `std::str::FromStr::from_str`
   --> src/migration.rs:332:5
    |
332 | /     pub fn from_str(s: &str) -> Option<Self> {
333 | |         match s {
334 | |             "critical" => Some(Self::Critical),
335 | |             "personal" => Some(Self::Personal),
...   |
339 | |     }
    | |_____^
    |
    = help: consider implementing the trait `std::str::FromStr` or choosing a less ambiguous method name
    = help: for further information visit https://rust-lang.github.io/rust-clippy/rust-1.97.0/index.html#should_implement_trait
    = note: `#[warn(clippy::should_implement_trait)]` on by default

warning: method `from_str` can be confused for the standard trait method `std::str::FromStr::from_str`
  --> src/policy.rs:25:5
   |
25 | /     pub fn from_str(s: &str) -> Option<Self> {
26 | |         match s {
27 | |             "read" => Some(Self::Read),
28 | |             "write" => Some(Self::Write),
...  |
35 | |     }
   | |_____^
   |
   = help: consider implementing the trait `std::str::FromStr` or choosing a less ambiguous method name
   = help: for further information visit https://rust-lang.github.io/rust-clippy/rust-1.97.0/index.html#should_implement_trait

warning: method `from_str` can be confused for the standard trait method `std::str::FromStr::from_str`
   --> src/policy.rs:94:5
    |
 94 | /     pub fn from_str(s: &str) -> Option<Self> {
 95 | |         match s {
 96 | |             "owner" => Some(Self::Owner),
 97 | |             "reader" => Some(Self::Reader),
...   |
103 | |     }
    | |_____^
    |
    = help: consider implementing the trait `std::str::FromStr` or choosing a less ambiguous method name
    = help: for further information visit https://rust-lang.github.io/rust-clippy/rust-1.97.0/index.html#should_implement_trait

warning: this `if` statement can be collapsed
   --> src/policy.rs:304:13
    |
304 | /             if rule.matches(subject, resource, action) {
305 | |                 if matches!(rule.effect, RuleEffect::Deny) {
306 | |                     return AccessDecision::Deny(format!(
307 | |                         "explicit deny rule: {}/{}",
...   |
311 | |             }
    | |_____________^
    |
    = help: for further information visit https://rust-lang.github.io/rust-clippy/rust-1.97.0/index.html#collapsible_if
help: collapse nested if block
    |
304 ~             if rule.matches(subject, resource, action)
305 ~                 && matches!(rule.effect, RuleEffect::Deny) {
306 |                     return AccessDecision::Deny(format!(
...
309 |                     ));
310 ~                 }
    |

warning: this `if` statement can be collapsed
   --> src/policy.rs:339:13
    |
339 | /             if rule.matches(subject, resource, action) {
340 | |                 if matches!(rule.effect, RuleEffect::Allow) {
341 | |                     return AccessDecision::Permit(format!(
342 | |                         "allow rule: {}/{}",
...   |
346 | |             }
    | |_____________^
    |
    = help: for further information visit https://rust-lang.github.io/rust-clippy/rust-1.97.0/index.html#collapsible_if
help: collapse nested if block
    |
339 ~             if rule.matches(subject, resource, action)
340 ~                 && matches!(rule.effect, RuleEffect::Allow) {
341 |                     return AccessDecision::Permit(format!(
...
344 |                     ));
345 ~                 }
    |

warning: the loop variable `d` is used to index `proj`
  --> src/sovereign_embed.rs:98:14
   |
98 |     for d in 0..dim {
   |              ^^^^^^
   |
   = help: for further information visit https://rust-lang.github.io/rust-clippy/rust-1.97.0/index.html#needless_range_loop
   = note: `#[warn(clippy::needless_range_loop)]` on by default
help: consider using an iterator and enumerate()
   |
98 -     for d in 0..dim {
98 +     for (d, <item>) in proj.iter_mut().enumerate().take(dim) {
   |

warning: writing `&mut Vec` instead of `&mut [_]` involves a new object where a slice will do
   --> src/sovereign_embed.rs:117:20
    |
117 | fn l2_normalize(v: &mut Vec<f32>) {
    |                    ^^^^^^^^^^^^^
    |
    = help: for further information visit https://rust-lang.github.io/rust-clippy/rust-1.97.0/index.html#ptr_arg
help: change this to
    |
117 - fn l2_normalize(v: &mut Vec<f32>) {
117 + fn l2_normalize(v: &mut [f32]) {
    |

warning: the borrowed expression implements the required traits
   --> src/mobile/mod.rs:181:40
    |
181 |             .insert(WRITE_COUNTER_KEY, &self.write_counter.to_le_bytes())
    |                                        ^^^^^^^^^^^^^^^^^^^^^^^^^^^^^^^^^ help: change this to: `self.write_counter.to_le_bytes()`
    |
    = help: for further information visit https://rust-lang.github.io/rust-clippy/rust-1.97.0/index.html#needless_borrows_for_generic_args
    = note: `#[warn(clippy::needless_borrows_for_generic_args)]` on by default

For more information about this error, try `rustc --explain E0133`.
warning: `edisondb` (lib) generated 29 warnings (run `cargo clippy --fix --lib -p edisondb -- ` to apply 16 suggestions)
warning: manual implementation of `.is_multiple_of()`
   --> src/grpc.rs:233:12
    |
233 |         if req.query_vec.len() % 4 != 0 {
    |            ^^^^^^^^^^^^^^^^^^^^^^^^^^^^ help: replace with: `!req.query_vec.len().is_multiple_of(4)`
    |
    = help: for further information visit https://rust-lang.github.io/rust-clippy/rust-1.97.0/index.html#manual_is_multiple_of
    = note: `#[warn(clippy::manual_is_multiple_of)]` on by default

warning: `edisondb` (bin "edisondb-server") generated 1 warning (run `cargo clippy --fix --bin "edisondb-server" -p edisondb -- ` to apply 1 suggestion)
warning: manual `RangeInclusive::contains` implementation
  --> tests/p3m4_embed_tests.rs:96:21
   |
96 | ...   assert!(s >= -1.001 && s <= 1.001, "sim out of bounds: {} vs {}: {}", texts[i], texts[j], s);
   |               ^^^^^^^^^^^^^^^^^^^^^^^^^ help: use: `(-1.001..=1.001).contains(&s)`
   |
   = help: for further information visit https://rust-lang.github.io/rust-clippy/rust-1.97.0/index.html#manual_range_contains
   = note: `#[warn(clippy::manual_range_contains)]` on by default

warning: `edisondb` (lib test) generated 29 warnings (29 duplicates)
warning: `edisondb` (bin "edisondb-server" test) generated 1 warning (1 duplicate)
warning: `edisondb` (test "p3m4_embed_tests") generated 1 warning (run `cargo clippy --fix --test "p3m4_embed_tests" -p edisondb -- ` to apply 1 suggestion)
    Finished `dev` profile [unoptimized + debuginfo] target(s) in 0.39s
