    Updating crates.io index
     Locking 2 packages to latest Rust 1.97.0 compatible versions
      Adding fjall v3.1.8
    Updating lsm-tree v3.1.6 -> v3.1.9
   Compiling proc-macro2 v1.0.106
   Compiling unicode-ident v1.0.24
   Compiling quote v1.0.45
   Compiling libc v0.2.186
    Checking cfg-if v1.0.4
    Checking smallvec v1.15.1
    Checking scopeguard v1.2.0
    Checking once_cell v1.21.4
   Compiling parking_lot_core v0.9.12
    Checking typenum v1.20.0
    Checking bytes v1.11.1
    Checking pin-project-lite v0.2.17
    Checking futures-core v0.3.32
    Checking log v0.4.30
    Checking itoa v1.0.18
   Compiling shlex v2.0.1
   Compiling version_check v0.9.5
    Checking lock_api v0.4.14
   Compiling find-msvc-tools v0.1.9
    Checking stable_deref_trait v1.2.1
    Checking equivalent v1.0.2
    Checking futures-sink v0.3.32
    Checking tracing-core v0.1.36
    Checking memchr v2.8.0
    Checking subtle v2.6.1
   Compiling fs_extra v1.3.0
   Compiling dunce v1.0.5
    Checking slab v0.4.12
    Checking hashbrown v0.17.1
   Compiling getrandom v0.4.2
   Compiling crossbeam-utils v0.8.21
   Compiling rustix v1.1.4
    Checking percent-encoding v2.3.2
   Compiling anyhow v1.0.102
   Compiling generic-array v0.14.7
   Compiling serde_core v1.0.228
    Checking futures-io v0.3.32
    Checking futures-task v0.3.32
   Compiling httparse v1.10.1
    Checking tower-service v0.3.3
   Compiling either v1.16.0
   Compiling aws-lc-rs v1.17.0
    Checking litemap v0.8.2
    Checking try-lock v0.2.5
    Checking http v1.4.1
    Checking atomic-waker v1.1.2
    Checking zeroize v1.8.2
    Checking futures-util v0.3.32
   Compiling itertools v0.10.5
    Checking writeable v0.6.3
    Checking fnv v1.0.7
    Checking want v0.3.1
    Checking futures-channel v0.3.32
    Checking indexmap v2.14.0
    Checking bitflags v2.11.1
   Compiling icu_properties_data v2.2.0
    Checking httpdate v1.0.3
   Compiling icu_normalizer_data v2.2.0
   Compiling syn v2.0.117
    Checking utf8_iter v1.0.4
    Checking crossbeam-epoch v0.9.18
    Checking rustls-pki-types v1.14.1
    Checking form_urlencoded v1.2.2
    Checking sync_wrapper v1.0.2
   Compiling zmij v1.0.21
    Checking base64 v0.22.1
    Checking tower-layer v0.3.3
   Compiling serde v1.0.228
   Compiling prettyplease v0.2.37
   Compiling pulldown-cmark v0.13.4
    Checking ipnet v2.12.0
    Checking http-body v1.0.1
   Compiling jobserver v0.1.34
   Compiling unicase v2.9.0
   Compiling heck v0.5.0
   Compiling rustls v0.23.40
   Compiling linux-raw-sys v0.12.1
   Compiling foldhash v0.1.5
   Compiling regex-syntax v0.8.10
   Compiling zerocopy v0.8.48
    Checking untrusted v0.9.0
   Compiling serde_json v1.0.149
   Compiling hashbrown v0.15.5
   Compiling cc v1.2.63
    Checking http-body-util v0.1.3
    Checking getrandom v0.2.17
    Checking errno v0.3.14
    Checking socket2 v0.6.4
    Checking mio v1.2.1
    Checking signal-hook-registry v1.4.8
    Checking rand_core v0.6.4
    Checking parking_lot v0.12.5
    Checking cpufeatures v0.2.17
    Checking crypto-common v0.1.7
    Checking mime v0.3.17
   Compiling fastrand v2.4.1
   Compiling fixedbitset v0.5.7
    Checking utf8parse v0.2.2
   Compiling autocfg v1.5.1
    Checking inout v0.1.4
    Checking hybrid-array v0.4.12
   Compiling ucd-trie v0.1.7
   Compiling rayon-core v1.13.0
   Compiling cfg_aliases v0.2.1
   Compiling multimap v0.10.1
    Checking ryu v1.0.23
   Compiling pest v2.8.6
   Compiling nix v0.31.3
    Checking cipher v0.4.4
    Checking anstyle-parse v1.0.0
   Compiling num-traits v0.2.19
   Compiling cmake v0.1.58
   Compiling pulldown-cmark-to-cmark v22.0.0
    Checking universal-hash v0.5.1
    Checking block-buffer v0.10.4
    Checking crossbeam-deque v0.8.6
    Checking serde_path_to_error v0.1.20
   Compiling petgraph v0.8.3
   Compiling regex-automata v0.4.14
    Checking twox-hash v2.1.2
    Checking matchit v0.8.4
    Checking openssl-probe v0.2.1
   Compiling protoc-bin-vendored-linux-aarch_64 v3.2.0
    Checking compare v0.0.6
   Compiling protoc-bin-vendored-linux-s390_64 v3.2.0
    Checking opaque-debug v0.3.1
   Compiling protoc-bin-vendored-linux-x86_32 v3.2.0
   Compiling protoc-bin-vendored-macos-x86_64 v3.2.0
   Compiling protoc-bin-vendored-linux-ppcle_64 v3.2.0
    Checking xxhash-rust v0.8.15
    Checking anstyle v1.0.14
    Checking is_terminal_polyfill v1.70.2
    Checking hashbrown v0.16.1
    Checking colorchoice v1.0.5
    Checking byteorder-lite v0.1.0
   Compiling protoc-bin-vendored-win32 v3.2.0
   Compiling protoc-bin-vendored-linux-x86_64 v3.2.0
   Compiling aws-lc-sys v0.41.0
    Checking anstyle-query v1.1.5
   Compiling protoc-bin-vendored-macos-aarch_64 v3.2.0
    Checking anstream v1.0.0
   Compiling tempfile v3.27.0
   Compiling protoc-bin-vendored v3.2.0
   Compiling blake3 v1.8.5
    Checking sfa v1.0.0
    Checking interval-heap v0.0.5
    Checking polyval v0.6.2
    Checking rustls-native-certs v0.8.4
    Checking lz4_flex v0.13.1
    Checking digest v0.10.7
    Checking block-buffer v0.12.0
    Checking crypto-common v0.2.2
    Checking crossbeam-skiplist v0.1.3
   Compiling pest_meta v2.8.6
    Checking spin v0.9.8
    Checking quick_cache v0.6.22
    Checking nibble_vec v0.1.0
   Compiling thiserror v1.0.69
    Checking cpufeatures v0.3.0
    Checking base64ct v1.8.3
    Checking clap_lex v1.1.0
    Checking self_cell v1.2.2
    Checking varint-rs v2.2.0
   Compiling redb v2.6.3
    Checking const-oid v0.10.2
    Checking endian-type v0.2.0
    Checking strsim v0.11.1
    Checking byteview v0.10.1
    Checking hashbrown v0.14.5
    Checking rustc-hash v2.1.2
    Checking radix_trie v0.3.0
    Checking clap_builder v4.6.0
    Checking password-hash v0.5.0
    Checking rayon v1.12.0
    Checking flume v0.12.0
    Checking blake2 v0.10.6
    Checking ordered-float v3.9.2
    Checking ghash v0.5.1
    Checking ctr v0.9.2
    Checking digest v0.11.3
    Checking aes v0.8.4
    Checking aead v0.5.2
   Compiling regex v1.12.3
    Checking num_cpus v1.17.0
    Checking rtoolbox v0.0.5
    Checking encoding_rs v0.8.35
    Checking unicode-width v0.2.2
    Checking home v0.5.12
    Checking arrayvec v0.7.8
    Checking constant_time_eq v0.4.2
    Checking dashmap v6.2.1
    Checking unicode-segmentation v1.13.2
    Checking arrayref v0.3.9
    Checking aes-gcm v0.10.3
    Checking rpassword v7.5.3
    Checking sha2 v0.11.0
    Checking argon2 v0.5.3
   Compiling synstructure v0.13.2
   Compiling pest_generator v2.8.6
   Compiling tonic-build v0.14.6
   Compiling zerofrom-derive v0.1.7
   Compiling tokio-macros v2.7.0
   Compiling yoke-derive v0.8.2
   Compiling tracing-attributes v0.1.31
   Compiling zerovec-derive v0.11.3
   Compiling displaydoc v0.2.6
   Compiling prost-derive v0.14.3
   Compiling serde_derive v1.0.228
   Compiling pin-project-internal v1.1.13
   Compiling async-trait v0.1.89
    Checking ppv-lite86 v0.2.21
   Compiling enum_dispatch v0.3.13
   Compiling clap_derive v4.6.1
    Checking tokio v1.52.3
    Checking rand_chacha v0.3.1
   Compiling thiserror-impl v1.0.69
    Checking rand v0.8.6
   Compiling pest_derive v2.8.6
    Checking rustyline v18.0.0
    Checking lsm-tree v3.1.9
    Checking zerofrom v0.1.8
    Checking pin-project v1.1.13
    Checking yoke v0.8.3
    Checking tracing v0.1.44
   Compiling prost v0.14.3
    Checking zerovec v0.11.6
    Checking zerotrie v0.2.4
    Checking axum-core v0.5.6
    Checking instant-distance v0.6.1
   Compiling prost-types v0.14.3
    Checking clap v4.6.1
    Checking tinystr v0.8.3
    Checking potential_utf v0.1.5
    Checking icu_collections v2.2.0
    Checking icu_locale_core v2.2.0
    Checking icu_provider v2.2.0
   Compiling prost-build v0.14.3
    Checking fjall v3.1.8
    Checking icu_normalizer v2.2.0
    Checking icu_properties v2.2.0
    Checking serde_urlencoded v0.7.1
   Compiling tonic-prost-build v0.14.6
   Compiling edisondb v0.6.0-p3m9 (/tmp/edisondb-fv4-count-reaudit)
    Checking idna_adapter v1.2.2
    Checking idna v1.1.0
    Checking url v2.5.8
    Checking tokio-util v0.7.18
    Checking tokio-stream v0.1.18
    Checking h2 v0.4.14
    Checking tower v0.5.3
    Checking tower-http v0.6.11
    Checking hyper v1.10.1
    Checking hyper-util v0.1.20
    Checking axum v0.8.9
    Checking hyper-timeout v0.5.2
    Checking rustls-webpki v0.103.13
    Checking tonic v0.14.6
    Checking tokio-rustls v0.26.4
    Checking rustls-platform-verifier v0.7.0
    Checking hyper-rustls v0.27.9
    Checking reqwest v0.13.4
    Checking tonic-prost v0.14.6
    Finished `dev` profile [unoptimized + debuginfo] target(s) in 35.00s
