Kani Rust Verifier 0.67.0 (cargo plugin)
   Compiling edisondb v0.6.0-p3m9 (/tmp/edisondb-fv4-count-reaudit)
    Finished `dev` profile [unoptimized + debuginfo] target(s) in 1.67s
   Compiling edisondb v0.6.0-p3m9 (/tmp/edisondb-fv4-count-reaudit)
    Finished `dev` profile [unoptimized + debuginfo] target(s) in 1.89s
   Compiling edisondb v0.6.0-p3m9 (/tmp/edisondb-fv4-count-reaudit)
    Finished `dev` profile [unoptimized + debuginfo] target(s) in 0.92s
Checking harness verification::kani_harnesses::kani_audit_link_integrity...
CBMC 6.8.0 (cbmc-6.8.0)
CBMC version 6.8.0 (cbmc-6.8.0) 64-bit x86_64 linux
Reading GOTO program from file /tmp/edisondb-fv4-count-reaudit/target/kani/x86_64-unknown-linux-gnu/debug/deps/edisondb__RNvNtNtCs8zVKvWqpudH_8edisondb12verification14kani_harnesses25kani_audit_link_integrity.out
Generating GOTO Program
Adding CPROVER library (x86_64)
Removal of function pointers and virtual functions
Generic Property Instrumentation
Running with 16 object bits, 48 offset bits (user-specified)
Starting Bounded Model Checking
Runtime Symex: 0.00510466s
size of program expression: 113 steps
slicing removed 36 assignments
Generated 2 VCC(s), 2 remaining after simplification
Runtime Postprocess Equation: 7.5602e-05s
Passing problem to propositional reduction
converting SSA
Runtime Convert SSA: 0.000567708s
Running propositional reduction
Post-processing
Runtime Post-process: 1.3135e-05s
Solving with CaDiCaL 2.0.0
66 variables, 108 clauses
SAT checker: instance is SATISFIABLE
Runtime Solver: 0.000107783s
Runtime decision procedure: 0.000771041s
Running propositional reduction
Solving with CaDiCaL 2.0.0
67 variables, 109 clauses
SAT checker: instance is UNSATISFIABLE
Runtime Solver: 6.4732e-05s
Runtime decision procedure: 0.000103835s

RESULTS:
Check 1: verification::kani_harnesses::kani_audit_link_integrity.assertion.1
	 - Status: SUCCESS
	 - Description: "assertion failed: audit_link_integrity_valid(previous_hash_matches, entry_hash_valid,) ==
previous_hash_matches && entry_hash_valid"
	 - Location: src/verification.rs:319:9 in function verification::kani_harnesses::kani_audit_link_integrity


SUMMARY:
 ** 0 of 1 failed

VERIFICATION:- SUCCESSFUL
Verification Time: 0.050019898s

Manual Harness Summary:
Complete - 1 successfully verified harnesses, 0 failures, 1 total.
	Command being timed: "cargo kani --harness kani_audit_link_integrity"
	User time (seconds): 4.01
	System time (seconds): 1.22
	Percent of CPU this job got: 100%
	Elapsed (wall clock) time (h:mm:ss or m:ss): 0:05.22
	Average shared text size (kbytes): 0
	Average unshared data size (kbytes): 0
	Average stack size (kbytes): 0
	Average total size (kbytes): 0
	Maximum resident set size (kbytes): 379800
	Average resident set size (kbytes): 0
	Major (requiring I/O) page faults: 0
	Minor (reclaiming a frame) page faults: 248624
	Voluntary context switches: 1291
	Involuntary context switches: 475
	Swaps: 0
	File system inputs: 0
	File system outputs: 146000
	Socket messages sent: 0
	Socket messages received: 0
	Signals delivered: 0
	Page size (bytes): 4096
	Exit status: 0
