   Compiling edisondb v0.6.0-p3m9 (/home/edisonbl/Documents/AIEONYX/edisondb-fv)
    Finished `test` profile [unoptimized + debuginfo] target(s) in 1.29s
     Running tests/fv3_storage_invariants_tests.rs (target/debug/deps/fv3_storage_invariants_tests-ee72e5db52feb621)

running 12 tests
test store_rejects_empty_owner_without_mutation ... ok
test store_rejects_empty_record_id_without_mutation ... ok
test fjall_enforces_global_id_immutability_across_tiers ... ok
test fjall_rejects_empty_record_id_without_mutation ... ok
test fjall_rejects_empty_owner_without_mutation ... ok
test fjall_open_rejects_key_id_mismatch ... ok
test fjall_open_rejects_invalid_persisted_record ... ok
test fjall_open_rejects_tier_keyspace_mismatch ... ok
test fjall_open_rejects_cross_tier_duplicate_ids ... ok
test store_load_rejects_key_id_mismatch ... ok
test store_load_rejects_invalid_record ... ok
test store_rejects_invalid_record_before_save ... ok

test result: ok. 12 passed; 0 failed; 0 ignored; 0 measured; 0 filtered out; finished in 0.47s

	Command being timed: "cargo test --locked --test fv3_storage_invariants_tests -- --nocapture"
	User time (seconds): 2.89
	System time (seconds): 1.36
	Percent of CPU this job got: 230%
	Elapsed (wall clock) time (h:mm:ss or m:ss): 0:01.85
	Average shared text size (kbytes): 0
	Average unshared data size (kbytes): 0
	Average stack size (kbytes): 0
	Average total size (kbytes): 0
	Maximum resident set size (kbytes): 546996
	Average resident set size (kbytes): 0
	Major (requiring I/O) page faults: 692
	Minor (reclaiming a frame) page faults: 121845
	Voluntary context switches: 11913
	Involuntary context switches: 389
	Swaps: 0
	File system inputs: 8
	File system outputs: 241272
	Socket messages sent: 0
	Socket messages received: 0
	Signals delivered: 0
	Page size (bytes): 4096
	Exit status: 0
