FV-4b immutable commit: 5c63ac45289e876eb563f1752eb796a19b553534
Kani: cargo-kani 0.67.0
CBMC: 6.8.0 (cbmc-6.8.0)
Cargo.lock SHA256: a0fdc98da50a71804566cee4e760c482b5f927a99ef85a3d6762aa3e45631740
Harness: kani_storage_id_immutability

Kani Rust Verifier 0.67.0 (cargo plugin)
   Compiling edisondb v0.6.0-p3m9 (/home/edisonbl/Documents/AIEONYX/edisondb-fv)
    Finished `dev` profile [unoptimized + debuginfo] target(s) in 1.79s
   Compiling edisondb v0.6.0-p3m9 (/home/edisonbl/Documents/AIEONYX/edisondb-fv)
    Finished `dev` profile [unoptimized + debuginfo] target(s) in 1.96s
   Compiling edisondb v0.6.0-p3m9 (/home/edisonbl/Documents/AIEONYX/edisondb-fv)
    Finished `dev` profile [unoptimized + debuginfo] target(s) in 0.94s
Checking harness verification::kani_harnesses::kani_storage_id_immutability...
CBMC 6.8.0 (cbmc-6.8.0)
CBMC version 6.8.0 (cbmc-6.8.0) 64-bit x86_64 linux
Reading GOTO program from file /home/edisonbl/Documents/AIEONYX/edisondb-fv/target/kani/x86_64-unknown-linux-gnu/debug/deps/edisondb__RNvNtNtCsh53XPqpdbtl_8edisondb12verification14kani_harnesses28kani_storage_id_immutability.out
Generating GOTO Program
Adding CPROVER library (x86_64)
Removal of function pointers and virtual functions
Generic Property Instrumentation
Running with 16 object bits, 48 offset bits (user-specified)
Starting Bounded Model Checking
Runtime Symex: 0.00310344s
size of program expression: 134 steps
slicing removed 73 assignments
Generated 9 VCC(s), 2 remaining after simplification
Runtime Postprocess Equation: 2.9666e-05s
Passing problem to propositional reduction
converting SSA
Runtime Convert SSA: 0.00025755s
Running propositional reduction
Post-processing
Runtime Post-process: 6.071e-06s
Solving with CaDiCaL 2.0.0
102 variables, 128 clauses
SAT checker: instance is SATISFIABLE
Runtime Solver: 5.4694e-05s
Runtime decision procedure: 0.000353742s
Running propositional reduction
Solving with CaDiCaL 2.0.0
103 variables, 129 clauses
SAT checker: instance is UNSATISFIABLE
Runtime Solver: 2.6771e-05s
Runtime decision procedure: 4.5046e-05s

RESULTS:
Check 1: verification::kani_harnesses::kani_storage_id_immutability.assertion.1
	 - Status: SUCCESS
	 - Description: "assertion failed: ensure_new_record_id(id_exists).is_ok() == !id_exists"
	 - Location: src/verification.rs:334:9 in function verification::kani_harnesses::kani_storage_id_immutability

Check 2: ensure_new_record_id.pointer_dereference.1
	 - Status: SUCCESS
	 - Description: "dereference failure: dead object"
	 - Location: src/lib.rs:122:9 in function ensure_new_record_id

Check 3: std::result::Result::<(), EdisonError>::is_ok.pointer_dereference.1
	 - Status: SUCCESS
	 - Description: "dereference failure: pointer NULL"
	 - Location: ../../../../runner/.rustup/toolchains/nightly-2025-11-21-x86_64-unknown-linux-gnu/lib/rustlib/src/rust/library/core/src/result.rs:594:18 in function std::result::Result::<(), EdisonError>::is_ok

Check 4: std::result::Result::<(), EdisonError>::is_ok.pointer_dereference.2
	 - Status: SUCCESS
	 - Description: "dereference failure: pointer invalid"
	 - Location: ../../../../runner/.rustup/toolchains/nightly-2025-11-21-x86_64-unknown-linux-gnu/lib/rustlib/src/rust/library/core/src/result.rs:594:18 in function std::result::Result::<(), EdisonError>::is_ok

Check 5: std::result::Result::<(), EdisonError>::is_ok.pointer_dereference.3
	 - Status: SUCCESS
	 - Description: "dereference failure: deallocated dynamic object"
	 - Location: ../../../../runner/.rustup/toolchains/nightly-2025-11-21-x86_64-unknown-linux-gnu/lib/rustlib/src/rust/library/core/src/result.rs:594:18 in function std::result::Result::<(), EdisonError>::is_ok

Check 6: std::result::Result::<(), EdisonError>::is_ok.pointer_dereference.4
	 - Status: SUCCESS
	 - Description: "dereference failure: dead object"
	 - Location: ../../../../runner/.rustup/toolchains/nightly-2025-11-21-x86_64-unknown-linux-gnu/lib/rustlib/src/rust/library/core/src/result.rs:594:18 in function std::result::Result::<(), EdisonError>::is_ok

Check 7: std::result::Result::<(), EdisonError>::is_ok.pointer_dereference.5
	 - Status: SUCCESS
	 - Description: "dereference failure: pointer outside object bounds"
	 - Location: ../../../../runner/.rustup/toolchains/nightly-2025-11-21-x86_64-unknown-linux-gnu/lib/rustlib/src/rust/library/core/src/result.rs:594:18 in function std::result::Result::<(), EdisonError>::is_ok

Check 8: std::result::Result::<(), EdisonError>::is_ok.pointer_dereference.6
	 - Status: SUCCESS
	 - Description: "dereference failure: invalid integer address"
	 - Location: ../../../../runner/.rustup/toolchains/nightly-2025-11-21-x86_64-unknown-linux-gnu/lib/rustlib/src/rust/library/core/src/result.rs:594:18 in function std::result::Result::<(), EdisonError>::is_ok


SUMMARY:
 ** 0 of 8 failed

VERIFICATION:- SUCCESSFUL
Verification Time: 0.04555686s

Manual Harness Summary:
Complete - 1 successfully verified harnesses, 0 failures, 1 total.

Process exit code: 0
